******************************************************************************
                  TI ARM Linker Unix v20.2.7                   
******************************************************************************
>> Linked Sat Dec  3 17:42:51 2022

OUTPUT FILE NAME:   <Farrell-Bey_Osburn_EGR_326_901_Lab12.out>
ENTRY POINT SYMBOL: "_c_int00_noargs"  address: 00001db5


MEMORY CONFIGURATION

         name            origin    length      used     unused   attr    fill
----------------------  --------  ---------  --------  --------  ----  --------
  MAIN                  00000000   00040000  0000264a  0003d9b6  R  X
  INFO                  00200000   00004000  00000000  00004000  R  X
  SRAM_CODE             01000000   00010000  0000024e  0000fdb2  RW X
  SRAM_DATA             20000000   00010000  0000024e  0000fdb2  RW  


SEGMENT ALLOCATION MAP

run origin  load origin   length   init length attrs members
----------  ----------- ---------- ----------- ----- -------
00000000    00000000    00002650   00002650    r-x
  00000000    00000000    000000e4   000000e4    r-- .intvecs
  000000e4    000000e4    00001d44   00001d44    r-x .text
  00001e28    00001e28    000007e2   000007e2    r-- .const
  00002610    00002610    00000040   00000040    r-- .cinit
20000000    20000000    0000004e   00000000    rw-
  20000000    20000000    00000028   00000000    rw- .data
  20000028    20000028    00000026   00000000    rw- .bss
2000fe00    2000fe00    00000200   00000000    rw-
  2000fe00    2000fe00    00000200   00000000    rw- .stack


SECTION ALLOCATION MAP

 output                                  attributes/
section   page    origin      length       input sections
--------  ----  ----------  ----------   ----------------
.intvecs   0    00000000    000000e4     
                  00000000    000000e4     startup_msp432p401r_ccs.obj (.intvecs:retain)

.text      0    000000e4    00001d44     
                  000000e4    000013a8     ST7735.obj (.text)
                  0000148c    00000344     main.obj (.text)
                  000017d0    00000334     system_msp432p401r.obj (.text)
                  00001b04    00000168     timers.obj (.text)
                  00001c6c    0000009c     rtsv7M4_T_le_v4SPD16_eabi.lib : memcpy_t2.asm.obj (.text)
                  00001d08    00000068                                   : copy_decompress_lzss.c.obj (.text:decompress:lzss:__TI_decompress_lzss)
                  00001d70    00000044                                   : autoinit.c.obj (.text:__TI_auto_init_nobinit_nopinit:__TI_auto_init_nobinit_nopinit)
                  00001db4    00000034                                   : boot_cortex_m.c.obj (.text:_c_int00_noargs:_c_int00_noargs)
                  00001de8    0000001c                                   : copy_zero_init.c.obj (.text:decompress:ZI:__TI_zero_init_nomemset:__TI_zero_init_nomemset)
                  00001e04    0000000e                                   : copy_decompress_none.c.obj (.text:decompress:none:__TI_decompress_none)
                  00001e12    0000000e     startup_msp432p401r_ccs.obj (.text)
                  00001e20    00000004     rtsv7M4_T_le_v4SPD16_eabi.lib : pre_init.c.obj (.text:_system_pre_init)
                  00001e24    00000004                                   : exit.c.obj (.text:abort:abort)

.const     0    00001e28    000007e2     
                  00001e28    000004fb     ST7735.obj (.const:.string:Font)
                  00002323    00000200     ST7735.obj (.const:.string:dBfs)
                  00002523    00000067     ST7735.obj (.const:.string:Bcmd)
                  0000258a    0000003b     ST7735.obj (.const:.string:Rcmd1)
                  000025c5    0000002b     ST7735.obj (.const:.string:Rcmd3)
                  000025f0    0000000d     ST7735.obj (.const:.string:Rcmd2green)
                  000025fd    0000000d     ST7735.obj (.const:.string:Rcmd2red)

.cinit     0    00002610    00000040     
                  00002610    0000001c     (.cinit..data.load) [load image, compression = lzss]
                  0000262c    0000000c     (__TI_handler_table)
                  00002638    00000008     (.cinit..bss.load) [load image, compression = zero_init]
                  00002640    00000010     (__TI_cinit_table)

.init_array 
*          0    00000000    00000000     UNINITIALIZED

.binit     0    00000000    00000000     

.data      0    20000000    00000028     UNINITIALIZED
                  20000000    00000014     ST7735.obj (.data)
                  20000014    00000010     main.obj (.data)
                  20000024    00000004     system_msp432p401r.obj (.data)

.bss       0    20000028    00000026     UNINITIALIZED
                  20000028    0000000c     (.common:Message)
                  20000034    00000004     ST7735.obj (.bss)
                  20000038    00000004     (.common:Messageindex)
                  2000003c    00000004     (.common:X)
                  20000040    00000004     (.common:Ymax)
                  20000044    00000004     (.common:Ymin)
                  20000048    00000004     (.common:Yrange)
                  2000004c    00000002     (.common:temp_intensity)

.stack     0    2000fe00    00000200     UNINITIALIZED
                  2000fe00    00000004     rtsv7M4_T_le_v4SPD16_eabi.lib : boot_cortex_m.c.obj (.stack)
                  2000fe04    000001fc     --HOLE--

__llvm_prf_cnts 
*          0    20000000    00000000     UNINITIALIZED

MODULE SUMMARY

       Module                        code   ro data   rw data
       ------                        ----   -------   -------
    ./
       ST7735.obj                    5032   2018      112    
       main.obj                      836    0         36     
       system_msp432p401r.obj        820    0         8      
       timers.obj                    360    0         0      
       startup_msp432p401r_ccs.obj   14     228       0      
    +--+-----------------------------+------+---------+---------+
       Total:                        7062   2246      156    
                                                             
    /Applications/ti/ccs1210/ccs/tools/compiler/ti-cgt-arm_20.2.7.LTS/lib/rtsv7M4_T_le_v4SPD16_eabi.lib
       memcpy_t2.asm.obj             156    0         0      
       copy_decompress_lzss.c.obj    104    0         0      
       autoinit.c.obj                68     0         0      
       boot_cortex_m.c.obj           52     0         0      
       copy_zero_init.c.obj          28     0         0      
       copy_decompress_none.c.obj    14     0         0      
       exit.c.obj                    4      0         0      
       pre_init.c.obj                4      0         0      
    +--+-----------------------------+------+---------+---------+
       Total:                        430    0         0      
                                                             
       Stack:                        0      0         1024   
       Linker Generated:             0      64        0      
    +--+-----------------------------+------+---------+---------+
       Grand Total:                  7492   2310      1180   


LINKER GENERATED COPY TABLES

__TI_cinit_table @ 00002640 records: 2, size/record: 8, table size: 16
	.data: load addr=00002610, load size=0000001c bytes, run addr=20000000, run size=00000028 bytes, compression=lzss
	.bss: load addr=00002638, load size=00000008 bytes, run addr=20000028, run size=00000026 bytes, compression=zero_init


LINKER GENERATED HANDLER TABLE

__TI_handler_table @ 0000262c records: 3, size/record: 4, table size: 12
	index: 0, handler: __TI_decompress_lzss
	index: 1, handler: __TI_decompress_none
	index: 2, handler: __TI_zero_init


GLOBAL SYMBOLS: SORTED ALPHABETICALLY BY Name 

address   name                          
-------   ----                          
00001e1f  ADC14_IRQHandler              
00001e1f  AES256_IRQHandler             
00001e1f  BusFault_Handler              
00001e25  C$$EXIT                       
00001e1f  COMP_E0_IRQHandler            
00001e1f  COMP_E1_IRQHandler            
00001e1f  CS_IRQHandler                 
00001bb7  Clock_Init48MHz               
00001e1f  DMA_ERR_IRQHandler            
00001e1f  DMA_INT0_IRQHandler           
00001e1f  DMA_INT1_IRQHandler           
00001e1f  DMA_INT2_IRQHandler           
00001e1f  DMA_INT3_IRQHandler           
00001e1f  DebugMon_Handler              
00001e1f  Default_Handler               
0000015b  Delay1ms                      
00001e1f  EUSCIA0_IRQHandler            
00001e1f  EUSCIA1_IRQHandler            
00001e1f  EUSCIA2_IRQHandler            
00001e1f  EUSCIA3_IRQHandler            
00001e1f  EUSCIB0_IRQHandler            
00001e1f  EUSCIB1_IRQHandler            
00001e1f  EUSCIB2_IRQHandler            
00001e1f  EUSCIB3_IRQHandler            
00001e1f  FLCTL_IRQHandler              
00001e1f  FPU_IRQHandler                
00001e1f  HardFault_Handler             
00001e1f  MemManage_Handler             
20000028  Message                       
20000038  Messageindex                  
00001e1f  NMI_Handler                   
00001429  Output_Clear                  
00001443  Output_Color                  
00001417  Output_Init                   
00001433  Output_Off                    
0000143b  Output_On                     
00001e1f  PCM_IRQHandler                
00001e1f  PORT1_IRQHandler              
00001e1f  PORT2_IRQHandler              
00001e1f  PORT3_IRQHandler              
00001e1f  PORT4_IRQHandler              
00001e1f  PORT5_IRQHandler              
00001e1f  PORT6_IRQHandler              
00001e1f  PSS_IRQHandler                
00001e1f  PendSV_Handler                
000016f1  Port_init                     
00001e1f  RTC_C_IRQHandler              
00001e13  Reset_Handler                 
0000073d  ST7735_Color565               
000007a1  ST7735_DrawBitmap             
00000b15  ST7735_DrawChar               
0000099f  ST7735_DrawCharS              
00000535  ST7735_DrawFastHLine          
00000477  ST7735_DrawFastVLine          
0000041d  ST7735_DrawPixel              
00000c83  ST7735_DrawString             
00000631  ST7735_FillRect               
000005ed  ST7735_FillScreen             
000002e9  ST7735_InitB                  
00000309  ST7735_InitR                  
00000eb7  ST7735_InvertDisplay          
000012fd  ST7735_OutChar                
000013b9  ST7735_OutString              
00000d71  ST7735_OutUDec                
00001209  ST7735_PlotBar                
00000ecf  ST7735_PlotClear              
00000ff9  ST7735_PlotLine               
000012a9  ST7735_PlotNext               
000012c3  ST7735_PlotNextErase          
00000f31  ST7735_PlotPoint              
00001133  ST7735_PlotPoints             
0000125f  ST7735_PlotdBfs               
00000d4b  ST7735_SetCursor              
00000ded  ST7735_SetRotation            
000013d7  ST7735_SetTextColor           
00000771  ST7735_SwapColor              
00001e1f  SVC_Handler                   
20000008  StTextColor                   
20000000  StX                           
20000004  StY                           
00001e1f  SysTick_Handler               
00001b05  SysTick_Init                  
00001b21  SysTick_Init_Interrupt        
20000024  SystemCoreClock               
000017d1  SystemCoreClockUpdate         
00001a49  SystemInit                    
00001e1f  T32_INT1_IRQHandler           
00001e1f  T32_INT2_IRQHandler           
00001e1f  T32_INTC_IRQHandler           
00001e1f  TA0_0_IRQHandler              
00001e1f  TA0_N_IRQHandler              
00001e1f  TA1_0_IRQHandler              
00001e1f  TA1_N_IRQHandler              
00001e1f  TA2_0_IRQHandler              
00001e1f  TA2_N_IRQHandler              
00001e1f  TA3_0_IRQHandler              
00001e1f  TA3_N_IRQHandler              
00001757  TimerA_init                   
00001e1f  UsageFault_Handler            
4000480c  WDTCTL_SYM                    
00001e1f  WDT_A_IRQHandler              
2000003c  X                             
20000040  Ymax                          
20000044  Ymin                          
20000048  Yrange                        
20010000  __STACK_END                   
00000200  __STACK_SIZE                  
00002640  __TI_CINIT_Base               
00002650  __TI_CINIT_Limit              
0000262c  __TI_Handler_Table_Base       
00002638  __TI_Handler_Table_Limit      
00001d71  __TI_auto_init_nobinit_nopinit
00001d09  __TI_decompress_lzss          
00001e05  __TI_decompress_none          
ffffffff  __TI_pprof_out_hndl           
ffffffff  __TI_prof_data_size           
ffffffff  __TI_prof_data_start          
00000000  __TI_static_base__            
00001de9  __TI_zero_init_nomemset       
00001c6d  __aeabi_memcpy                
00001c6d  __aeabi_memcpy4               
00001c6d  __aeabi_memcpy8               
ffffffff  __binit__                     
ffffffff  __c_args__                    
UNDEFED   __mpu_init                    
2000fe00  __stack                       
20000000  __start___llvm_prf_cnts       
20000000  __stop___llvm_prf_cnts        
00001db5  _c_int00_noargs               
UNDEFED   _system_post_cinit            
00001e21  _system_pre_init              
00001e25  abort                         
00001711  adcsetup                      
ffffffff  binit                         
00002323  dBfs                          
20000020  dutyCycle                     
00001409  ferror                        
000013fd  fgetc                         
00000d09  fillmessage                   
000013eb  fputc                         
20000022  intensity                     
00000000  interruptVectors              
20000010  lastj                         
0000148d  main                          
00001c6d  memcpy                        
00001b3b  ms_delay                      
00001b65  ms_delay48                    
0000014d  parrotdelay                   
20000014  period                        
20000018  result                        
00001b8f  sec_delay                     
2000004c  temp_intensity                
2000001c  voltage                       


GLOBAL SYMBOLS: SORTED BY Symbol Address 

address   name                          
-------   ----                          
00000000  __TI_static_base__            
00000000  interruptVectors              
0000014d  parrotdelay                   
0000015b  Delay1ms                      
00000200  __STACK_SIZE                  
000002e9  ST7735_InitB                  
00000309  ST7735_InitR                  
0000041d  ST7735_DrawPixel              
00000477  ST7735_DrawFastVLine          
00000535  ST7735_DrawFastHLine          
000005ed  ST7735_FillScreen             
00000631  ST7735_FillRect               
0000073d  ST7735_Color565               
00000771  ST7735_SwapColor              
000007a1  ST7735_DrawBitmap             
0000099f  ST7735_DrawCharS              
00000b15  ST7735_DrawChar               
00000c83  ST7735_DrawString             
00000d09  fillmessage                   
00000d4b  ST7735_SetCursor              
00000d71  ST7735_OutUDec                
00000ded  ST7735_SetRotation            
00000eb7  ST7735_InvertDisplay          
00000ecf  ST7735_PlotClear              
00000f31  ST7735_PlotPoint              
00000ff9  ST7735_PlotLine               
00001133  ST7735_PlotPoints             
00001209  ST7735_PlotBar                
0000125f  ST7735_PlotdBfs               
000012a9  ST7735_PlotNext               
000012c3  ST7735_PlotNextErase          
000012fd  ST7735_OutChar                
000013b9  ST7735_OutString              
000013d7  ST7735_SetTextColor           
000013eb  fputc                         
000013fd  fgetc                         
00001409  ferror                        
00001417  Output_Init                   
00001429  Output_Clear                  
00001433  Output_Off                    
0000143b  Output_On                     
00001443  Output_Color                  
0000148d  main                          
000016f1  Port_init                     
00001711  adcsetup                      
00001757  TimerA_init                   
000017d1  SystemCoreClockUpdate         
00001a49  SystemInit                    
00001b05  SysTick_Init                  
00001b21  SysTick_Init_Interrupt        
00001b3b  ms_delay                      
00001b65  ms_delay48                    
00001b8f  sec_delay                     
00001bb7  Clock_Init48MHz               
00001c6d  __aeabi_memcpy                
00001c6d  __aeabi_memcpy4               
00001c6d  __aeabi_memcpy8               
00001c6d  memcpy                        
00001d09  __TI_decompress_lzss          
00001d71  __TI_auto_init_nobinit_nopinit
00001db5  _c_int00_noargs               
00001de9  __TI_zero_init_nomemset       
00001e05  __TI_decompress_none          
00001e13  Reset_Handler                 
00001e1f  ADC14_IRQHandler              
00001e1f  AES256_IRQHandler             
00001e1f  BusFault_Handler              
00001e1f  COMP_E0_IRQHandler            
00001e1f  COMP_E1_IRQHandler            
00001e1f  CS_IRQHandler                 
00001e1f  DMA_ERR_IRQHandler            
00001e1f  DMA_INT0_IRQHandler           
00001e1f  DMA_INT1_IRQHandler           
00001e1f  DMA_INT2_IRQHandler           
00001e1f  DMA_INT3_IRQHandler           
00001e1f  DebugMon_Handler              
00001e1f  Default_Handler               
00001e1f  EUSCIA0_IRQHandler            
00001e1f  EUSCIA1_IRQHandler            
00001e1f  EUSCIA2_IRQHandler            
00001e1f  EUSCIA3_IRQHandler            
00001e1f  EUSCIB0_IRQHandler            
00001e1f  EUSCIB1_IRQHandler            
00001e1f  EUSCIB2_IRQHandler            
00001e1f  EUSCIB3_IRQHandler            
00001e1f  FLCTL_IRQHandler              
00001e1f  FPU_IRQHandler                
00001e1f  HardFault_Handler             
00001e1f  MemManage_Handler             
00001e1f  NMI_Handler                   
00001e1f  PCM_IRQHandler                
00001e1f  PORT1_IRQHandler              
00001e1f  PORT2_IRQHandler              
00001e1f  PORT3_IRQHandler              
00001e1f  PORT4_IRQHandler              
00001e1f  PORT5_IRQHandler              
00001e1f  PORT6_IRQHandler              
00001e1f  PSS_IRQHandler                
00001e1f  PendSV_Handler                
00001e1f  RTC_C_IRQHandler              
00001e1f  SVC_Handler                   
00001e1f  SysTick_Handler               
00001e1f  T32_INT1_IRQHandler           
00001e1f  T32_INT2_IRQHandler           
00001e1f  T32_INTC_IRQHandler           
00001e1f  TA0_0_IRQHandler              
00001e1f  TA0_N_IRQHandler              
00001e1f  TA1_0_IRQHandler              
00001e1f  TA1_N_IRQHandler              
00001e1f  TA2_0_IRQHandler              
00001e1f  TA2_N_IRQHandler              
00001e1f  TA3_0_IRQHandler              
00001e1f  TA3_N_IRQHandler              
00001e1f  UsageFault_Handler            
00001e1f  WDT_A_IRQHandler              
00001e21  _system_pre_init              
00001e25  C$$EXIT                       
00001e25  abort                         
00002323  dBfs                          
0000262c  __TI_Handler_Table_Base       
00002638  __TI_Handler_Table_Limit      
00002640  __TI_CINIT_Base               
00002650  __TI_CINIT_Limit              
20000000  StX                           
20000000  __start___llvm_prf_cnts       
20000000  __stop___llvm_prf_cnts        
20000004  StY                           
20000008  StTextColor                   
20000010  lastj                         
20000014  period                        
20000018  result                        
2000001c  voltage                       
20000020  dutyCycle                     
20000022  intensity                     
20000024  SystemCoreClock               
20000028  Message                       
20000038  Messageindex                  
2000003c  X                             
20000040  Ymax                          
20000044  Ymin                          
20000048  Yrange                        
2000004c  temp_intensity                
2000fe00  __stack                       
20010000  __STACK_END                   
4000480c  WDTCTL_SYM                    
ffffffff  __TI_pprof_out_hndl           
ffffffff  __TI_prof_data_size           
ffffffff  __TI_prof_data_start          
ffffffff  __binit__                     
ffffffff  __c_args__                    
ffffffff  binit                         
UNDEFED   __mpu_init                    
UNDEFED   _system_post_cinit            

[153 symbols]
