******************************************************************************
                  TI ARM Linker Unix v20.2.7                   
******************************************************************************
>> Linked Mon Nov 28 16:09:17 2022

OUTPUT FILE NAME:   <LAB_FINAL.out>
ENTRY POINT SYMBOL: "_c_int00_noargs"  address: 0000065d


MEMORY CONFIGURATION

         name            origin    length      used     unused   attr    fill
----------------------  --------  ---------  --------  --------  ----  --------
  MAIN                  00000000   00040000  000006d0  0003f930  R  X
  INFO                  00200000   00004000  00000000  00004000  R  X
  SRAM_CODE             01000000   00010000  0000020c  0000fdf4  RW X
  SRAM_DATA             20000000   00010000  0000020c  0000fdf4  RW  


SEGMENT ALLOCATION MAP

run origin  load origin   length   init length attrs members
----------  ----------- ---------- ----------- ----- -------
00000000    00000000    000006d4   000006d4    r-x
  00000000    00000000    000000e4   000000e4    r-- .intvecs
  000000e4    000000e4    000005d0   000005d0    r-x .text
  000006b8    000006b8    0000001c   0000001c    r-- .cinit
20000000    20000000    0000000c   00000000    rw-
  20000000    20000000    0000000c   00000000    rw- .data
2000fe00    2000fe00    00000200   00000000    rw-
  2000fe00    2000fe00    00000200   00000000    rw- .stack


SECTION ALLOCATION MAP

 output                                  attributes/
section   page    origin      length       input sections
--------  ----  ----------  ----------   ----------------
.intvecs   0    00000000    000000e4     
                  00000000    000000e4     startup_msp432p401r_ccs.obj (.intvecs:retain)

.text      0    000000e4    000005d0     
                  000000e4    00000334     system_msp432p401r.obj (.text)
                  00000418    000000fc     main.obj (.text)
                  00000514    0000009c     rtsv7M4_T_le_v4SPD16_eabi.lib : memcpy_t2.asm.obj (.text)
                  000005b0    00000068                                   : copy_decompress_lzss.c.obj (.text:decompress:lzss:__TI_decompress_lzss)
                  00000618    00000044                                   : autoinit.c.obj (.text:__TI_auto_init_nobinit_nopinit:__TI_auto_init_nobinit_nopinit)
                  0000065c    00000034                                   : boot_cortex_m.c.obj (.text:_c_int00_noargs:_c_int00_noargs)
                  00000690    0000000e                                   : copy_decompress_none.c.obj (.text:decompress:none:__TI_decompress_none)
                  0000069e    0000000e     startup_msp432p401r_ccs.obj (.text)
                  000006ac    00000004     rtsv7M4_T_le_v4SPD16_eabi.lib : pre_init.c.obj (.text:_system_pre_init)
                  000006b0    00000004                                   : exit.c.obj (.text:abort:abort)

.cinit     0    000006b8    0000001c     
                  000006b8    0000000b     (.cinit..data.load) [load image, compression = lzss]
                  000006c3    00000001     --HOLE-- [fill = 0]
                  000006c4    00000008     (__TI_handler_table)
                  000006cc    00000008     (__TI_cinit_table)

.init_array 
*          0    00000000    00000000     UNINITIALIZED

.binit     0    00000000    00000000     

.data      0    20000000    0000000c     UNINITIALIZED
                  20000000    00000006     main.obj (.data)
                  20000006    00000002     --HOLE--
                  20000008    00000004     system_msp432p401r.obj (.data)

.stack     0    2000fe00    00000200     UNINITIALIZED
                  2000fe00    00000004     rtsv7M4_T_le_v4SPD16_eabi.lib : boot_cortex_m.c.obj (.stack)
                  2000fe04    000001fc     --HOLE--

__llvm_prf_cnts 
*          0    20000000    00000000     UNINITIALIZED

MODULE SUMMARY

       Module                        code   ro data   rw data
       ------                        ----   -------   -------
    ./
       system_msp432p401r.obj        820    0         8      
       main.obj                      252    0         12     
       startup_msp432p401r_ccs.obj   14     228       0      
    +--+-----------------------------+------+---------+---------+
       Total:                        1086   228       20     
                                                             
    /Applications/ti/ccs1210/ccs/tools/compiler/ti-cgt-arm_20.2.7.LTS/lib/rtsv7M4_T_le_v4SPD16_eabi.lib
       memcpy_t2.asm.obj             156    0         0      
       copy_decompress_lzss.c.obj    104    0         0      
       autoinit.c.obj                68     0         0      
       boot_cortex_m.c.obj           52     0         0      
       copy_decompress_none.c.obj    14     0         0      
       exit.c.obj                    4      0         0      
       pre_init.c.obj                4      0         0      
    +--+-----------------------------+------+---------+---------+
       Total:                        402    0         0      
                                                             
       Stack:                        0      0         1024   
       Linker Generated:             0      27        0      
    +--+-----------------------------+------+---------+---------+
       Grand Total:                  1488   255       1044   


LINKER GENERATED COPY TABLES

__TI_cinit_table @ 000006cc records: 1, size/record: 8, table size: 8
	.data: load addr=000006b8, load size=0000000b bytes, run addr=20000000, run size=0000000c bytes, compression=lzss


LINKER GENERATED HANDLER TABLE

__TI_handler_table @ 000006c4 records: 2, size/record: 4, table size: 8
	index: 0, handler: __TI_decompress_lzss
	index: 1, handler: __TI_decompress_none


GLOBAL SYMBOLS: SORTED ALPHABETICALLY BY Name 

address   name                          
-------   ----                          
000006ab  ADC14_IRQHandler              
000006ab  AES256_IRQHandler             
000006ab  BusFault_Handler              
00000495  Button1Press                  
000004c1  Button2Press                  
00000461  Button_init                   
000006b1  C$$EXIT                       
000006ab  COMP_E0_IRQHandler            
000006ab  COMP_E1_IRQHandler            
000006ab  CS_IRQHandler                 
000006ab  DMA_ERR_IRQHandler            
000006ab  DMA_INT0_IRQHandler           
000006ab  DMA_INT1_IRQHandler           
000006ab  DMA_INT2_IRQHandler           
000006ab  DMA_INT3_IRQHandler           
000006ab  DebugMon_Handler              
000006ab  Default_Handler               
000006ab  EUSCIA0_IRQHandler            
000006ab  EUSCIA1_IRQHandler            
000006ab  EUSCIA2_IRQHandler            
000006ab  EUSCIA3_IRQHandler            
000006ab  EUSCIB0_IRQHandler            
000006ab  EUSCIB1_IRQHandler            
000006ab  EUSCIB2_IRQHandler            
000006ab  EUSCIB3_IRQHandler            
000006ab  FLCTL_IRQHandler              
000006ab  FPU_IRQHandler                
000006ab  HardFault_Handler             
000006ab  MemManage_Handler             
000006ab  NMI_Handler                   
000006ab  PCM_IRQHandler                
000006ab  PORT1_IRQHandler              
000006ab  PORT2_IRQHandler              
000006ab  PORT3_IRQHandler              
000006ab  PORT4_IRQHandler              
000006ab  PORT5_IRQHandler              
000006ab  PORT6_IRQHandler              
000006ab  PSS_IRQHandler                
000006ab  PendSV_Handler                
000006ab  RTC_C_IRQHandler              
0000069f  Reset_Handler                 
000006ab  SVC_Handler                   
000006ab  SysTick_Handler               
20000008  SystemCoreClock               
000000e5  SystemCoreClockUpdate         
0000035d  SystemInit                    
000006ab  T32_INT1_IRQHandler           
000006ab  T32_INT2_IRQHandler           
000006ab  T32_INTC_IRQHandler           
000006ab  TA0_0_IRQHandler              
000006ab  TA0_N_IRQHandler              
000006ab  TA1_0_IRQHandler              
000006ab  TA1_N_IRQHandler              
000006ab  TA2_0_IRQHandler              
000006ab  TA2_N_IRQHandler              
000006ab  TA3_0_IRQHandler              
000006ab  TA3_N_IRQHandler              
000006ab  UsageFault_Handler            
4000480c  WDTCTL_SYM                    
000006ab  WDT_A_IRQHandler              
20010000  __STACK_END                   
00000200  __STACK_SIZE                  
000006cc  __TI_CINIT_Base               
000006d4  __TI_CINIT_Limit              
000006c4  __TI_Handler_Table_Base       
000006cc  __TI_Handler_Table_Limit      
00000619  __TI_auto_init_nobinit_nopinit
000005b1  __TI_decompress_lzss          
00000691  __TI_decompress_none          
ffffffff  __TI_pprof_out_hndl           
ffffffff  __TI_prof_data_size           
ffffffff  __TI_prof_data_start          
00000000  __TI_static_base__            
00000515  __aeabi_memcpy                
00000515  __aeabi_memcpy4               
00000515  __aeabi_memcpy8               
ffffffff  __binit__                     
ffffffff  __c_args__                    
UNDEFED   __mpu_init                    
2000fe00  __stack                       
20000000  __start___llvm_prf_cnts       
20000000  __stop___llvm_prf_cnts        
0000065d  _c_int00_noargs               
UNDEFED   _system_post_cinit            
000006ad  _system_pre_init              
000006b1  abort                         
ffffffff  binit                         
00000000  interruptVectors              
00000419  main                          
00000515  memcpy                        
20000000  state                         


GLOBAL SYMBOLS: SORTED BY Symbol Address 

address   name                          
-------   ----                          
00000000  __TI_static_base__            
00000000  interruptVectors              
000000e5  SystemCoreClockUpdate         
00000200  __STACK_SIZE                  
0000035d  SystemInit                    
00000419  main                          
00000461  Button_init                   
00000495  Button1Press                  
000004c1  Button2Press                  
00000515  __aeabi_memcpy                
00000515  __aeabi_memcpy4               
00000515  __aeabi_memcpy8               
00000515  memcpy                        
000005b1  __TI_decompress_lzss          
00000619  __TI_auto_init_nobinit_nopinit
0000065d  _c_int00_noargs               
00000691  __TI_decompress_none          
0000069f  Reset_Handler                 
000006ab  ADC14_IRQHandler              
000006ab  AES256_IRQHandler             
000006ab  BusFault_Handler              
000006ab  COMP_E0_IRQHandler            
000006ab  COMP_E1_IRQHandler            
000006ab  CS_IRQHandler                 
000006ab  DMA_ERR_IRQHandler            
000006ab  DMA_INT0_IRQHandler           
000006ab  DMA_INT1_IRQHandler           
000006ab  DMA_INT2_IRQHandler           
000006ab  DMA_INT3_IRQHandler           
000006ab  DebugMon_Handler              
000006ab  Default_Handler               
000006ab  EUSCIA0_IRQHandler            
000006ab  EUSCIA1_IRQHandler            
000006ab  EUSCIA2_IRQHandler            
000006ab  EUSCIA3_IRQHandler            
000006ab  EUSCIB0_IRQHandler            
000006ab  EUSCIB1_IRQHandler            
000006ab  EUSCIB2_IRQHandler            
000006ab  EUSCIB3_IRQHandler            
000006ab  FLCTL_IRQHandler              
000006ab  FPU_IRQHandler                
000006ab  HardFault_Handler             
000006ab  MemManage_Handler             
000006ab  NMI_Handler                   
000006ab  PCM_IRQHandler                
000006ab  PORT1_IRQHandler              
000006ab  PORT2_IRQHandler              
000006ab  PORT3_IRQHandler              
000006ab  PORT4_IRQHandler              
000006ab  PORT5_IRQHandler              
000006ab  PORT6_IRQHandler              
000006ab  PSS_IRQHandler                
000006ab  PendSV_Handler                
000006ab  RTC_C_IRQHandler              
000006ab  SVC_Handler                   
000006ab  SysTick_Handler               
000006ab  T32_INT1_IRQHandler           
000006ab  T32_INT2_IRQHandler           
000006ab  T32_INTC_IRQHandler           
000006ab  TA0_0_IRQHandler              
000006ab  TA0_N_IRQHandler              
000006ab  TA1_0_IRQHandler              
000006ab  TA1_N_IRQHandler              
000006ab  TA2_0_IRQHandler              
000006ab  TA2_N_IRQHandler              
000006ab  TA3_0_IRQHandler              
000006ab  TA3_N_IRQHandler              
000006ab  UsageFault_Handler            
000006ab  WDT_A_IRQHandler              
000006ad  _system_pre_init              
000006b1  C$$EXIT                       
000006b1  abort                         
000006c4  __TI_Handler_Table_Base       
000006cc  __TI_CINIT_Base               
000006cc  __TI_Handler_Table_Limit      
000006d4  __TI_CINIT_Limit              
20000000  __start___llvm_prf_cnts       
20000000  __stop___llvm_prf_cnts        
20000000  state                         
20000008  SystemCoreClock               
2000fe00  __stack                       
20010000  __STACK_END                   
4000480c  WDTCTL_SYM                    
ffffffff  __TI_pprof_out_hndl           
ffffffff  __TI_prof_data_size           
ffffffff  __TI_prof_data_start          
ffffffff  __binit__                     
ffffffff  __c_args__                    
ffffffff  binit                         
UNDEFED   __mpu_init                    
UNDEFED   _system_post_cinit            

[91 symbols]
